// Jest Snapshot v1, https://goo.gl/fbAQLP

exports[`Dialog Create tests should match snapshot 1`] = `
<div
  aria-hidden="true"
>
  <form>
    <div
      class="MuiDialog-root"
      role="presentation"
      style="position: fixed; z-index: 1300; right: 0px; bottom: 0px; top: 0px; left: 0px;"
    >
      <div
        aria-hidden="true"
        class="MuiBackdrop-root"
        style="opacity: 1; webkit-transition: opacity 225ms cubic-bezier(0.4, 0, 0.2, 1) 0ms; transition: opacity 225ms cubic-bezier(0.4, 0, 0.2, 1) 0ms;"
      />
      <div
        data-test="sentinelStart"
        tabindex="0"
      />
      <div
        class="MuiDialog-container MuiDialog-scrollPaper"
        role="none presentation"
        style="opacity: 1; webkit-transition: opacity 225ms cubic-bezier(0.4, 0, 0.2, 1) 0ms; transition: opacity 225ms cubic-bezier(0.4, 0, 0.2, 1) 0ms;"
        tabindex="-1"
      >
        <div
          class="MuiPaper-root MuiDialog-paper MuiDialog-paperScrollPaper MuiDialog-paperWidthMd MuiDialog-paperFullWidth MuiPaper-elevation24 MuiPaper-rounded"
          role="dialog"
        >
          <div
            class="MuiDialogTitle-root"
            color="primary"
          >
            <h4
              class="MuiTypography-root MuiTypography-h4"
            >
              Solicitar Carrera
            </h4>
          </div>
          <div
            class="MuiDialogContent-root MuiDialogContent-dividers"
          >
            <p
              class="MuiTypography-root MuiDialogContentText-root MuiTypography-body1 MuiTypography-colorTextSecondary MuiTypography-alignCenter"
            >
              Complete los datos para solicitar la carrera
            </p>
            <div
              class="MuiGrid-root MuiGrid-container MuiGrid-spacing-xs-2 MuiGrid-align-content-xs-center MuiGrid-justify-content-xs-center"
            >
              <div
                class="MuiGrid-root MuiGrid-item MuiGrid-grid-xs-12 MuiGrid-grid-md-6"
              >
                <div
                  class="MuiFormControl-root MuiTextField-root MuiFormControl-fullWidth"
                >
                  <label
                    class="MuiFormLabel-root MuiInputLabel-root MuiInputLabel-formControl MuiInputLabel-animated MuiInputLabel-outlined"
                    data-shrink="false"
                  >
                    Nombre
                  </label>
                  <div
                    class="MuiInputBase-root MuiOutlinedInput-root MuiInputBase-fullWidth MuiInputBase-formControl"
                  >
                    <input
                      aria-invalid="false"
                      class="MuiInputBase-input MuiOutlinedInput-input"
                      data-testid="input-name"
                      name="nombre"
                      type="text"
                      value=""
                    />
                    <fieldset
                      aria-hidden="true"
                      class="PrivateNotchedOutline-root-1 MuiOutlinedInput-notchedOutline"
                    >
                      <legend
                        class="PrivateNotchedOutline-legendLabelled-3"
                      >
                        <span>
                          Nombre
                        </span>
                      </legend>
                    </fieldset>
                  </div>
                </div>
              </div>
              <div
                class="MuiGrid-root MuiGrid-item MuiGrid-grid-xs-12 MuiGrid-grid-md-6"
              >
                <div
                  class="MuiFormControl-root MuiTextField-root MuiFormControl-fullWidth"
                >
                  <label
                    class="MuiFormLabel-root MuiInputLabel-root MuiInputLabel-formControl MuiInputLabel-animated MuiInputLabel-outlined"
                    data-shrink="false"
                  >
                    Teléfono
                  </label>
                  <div
                    class="MuiInputBase-root MuiOutlinedInput-root MuiInputBase-fullWidth MuiInputBase-formControl"
                  >
                    <input
                      aria-invalid="false"
                      class="MuiInputBase-input MuiOutlinedInput-input"
                      data-testid="input-phone"
                      name="telefono"
                      type="number"
                      value=""
                    />
                    <fieldset
                      aria-hidden="true"
                      class="PrivateNotchedOutline-root-1 MuiOutlinedInput-notchedOutline"
                    >
                      <legend
                        class="PrivateNotchedOutline-legendLabelled-3"
                      >
                        <span>
                          Teléfono
                        </span>
                      </legend>
                    </fieldset>
                  </div>
                </div>
              </div>
              <div
                class="MuiGrid-root MuiGrid-item MuiGrid-grid-xs-12"
              >
                <div
                  class="MuiFormControl-root MuiTextField-root MuiFormControl-fullWidth"
                >
                  <label
                    class="MuiFormLabel-root MuiInputLabel-root MuiInputLabel-formControl MuiInputLabel-animated MuiInputLabel-outlined"
                    data-shrink="false"
                  >
                    Dirección
                  </label>
                  <div
                    class="MuiInputBase-root MuiOutlinedInput-root MuiInputBase-fullWidth MuiInputBase-formControl"
                  >
                    <input
                      aria-invalid="false"
                      class="MuiInputBase-input MuiOutlinedInput-input"
                      data-testid="input-address"
                      name="direccion"
                      type="text"
                      value=""
                    />
                    <fieldset
                      aria-hidden="true"
                      class="PrivateNotchedOutline-root-1 MuiOutlinedInput-notchedOutline"
                    >
                      <legend
                        class="PrivateNotchedOutline-legendLabelled-3"
                      >
                        <span>
                          Dirección
                        </span>
                      </legend>
                    </fieldset>
                  </div>
                </div>
              </div>
              <div
                class="MuiGrid-root MuiGrid-item MuiGrid-grid-xs-12 MuiGrid-grid-md-6"
              >
                <div
                  class="MuiFormControl-root MuiTextField-root MuiFormControl-marginNormal MuiFormControl-fullWidth"
                >
                  <label
                    class="MuiFormLabel-root MuiInputLabel-root MuiInputLabel-formControl MuiInputLabel-animated MuiInputLabel-shrink MuiInputLabel-outlined MuiFormLabel-filled"
                    data-shrink="true"
                  >
                    Fecha
                  </label>
                  <div
                    class="MuiInputBase-root MuiOutlinedInput-root MuiInputBase-fullWidth MuiInputBase-formControl MuiInputBase-adornedEnd MuiOutlinedInput-adornedEnd"
                  >
                    <input
                      aria-invalid="false"
                      class="MuiInputBase-input MuiOutlinedInput-input MuiInputBase-inputAdornedEnd MuiOutlinedInput-inputAdornedEnd"
                      data-testid="input-date"
                      type="text"
                      value="2021/09/06"
                    />
                    <div
                      class="MuiInputAdornment-root MuiInputAdornment-positionEnd"
                    >
                      <button
                        class="MuiButtonBase-root MuiIconButton-root"
                        tabindex="0"
                        type="button"
                      >
                        <span
                          class="MuiIconButton-label"
                        >
                          <svg
                            aria-hidden="true"
                            class="MuiSvgIcon-root"
                            focusable="false"
                            viewBox="0 0 24 24"
                          >
                            <path
                              d="M17 12h-5v5h5v-5zM16 1v2H8V1H6v2H5c-1.11 0-1.99.9-1.99 2L3 19c0 1.1.89 2 2 2h14c1.1 0 2-.9 2-2V5c0-1.1-.9-2-2-2h-1V1h-2zm3 18H5V8h14v11z"
                            />
                            <path
                              d="M0 0h24v24H0z"
                              fill="none"
                            />
                          </svg>
                        </span>
                        <span
                          class="MuiTouchRipple-root"
                        />
                      </button>
                    </div>
                    <fieldset
                      aria-hidden="true"
                      class="PrivateNotchedOutline-root-1 MuiOutlinedInput-notchedOutline"
                    >
                      <legend
                        class="PrivateNotchedOutline-legendLabelled-3 PrivateNotchedOutline-legendNotched-4"
                      >
                        <span>
                          Fecha
                        </span>
                      </legend>
                    </fieldset>
                  </div>
                  
                </div>
              </div>
              <div
                class="MuiGrid-root MuiGrid-item MuiGrid-grid-xs-12 MuiGrid-grid-md-6"
              >
                <div
                  class="MuiFormControl-root MuiTextField-root MuiFormControl-marginNormal MuiFormControl-fullWidth"
                >
                  <label
                    class="MuiFormLabel-root MuiInputLabel-root MuiInputLabel-formControl MuiInputLabel-animated MuiInputLabel-shrink MuiInputLabel-outlined MuiFormLabel-filled"
                    data-shrink="true"
                  >
                    Hora
                  </label>
                  <div
                    class="MuiInputBase-root MuiOutlinedInput-root MuiInputBase-fullWidth MuiInputBase-formControl MuiInputBase-adornedEnd MuiOutlinedInput-adornedEnd"
                  >
                    <input
                      aria-invalid="false"
                      class="MuiInputBase-input MuiOutlinedInput-input MuiInputBase-inputAdornedEnd MuiOutlinedInput-inputAdornedEnd"
                      data-testid="input-time"
                      type="text"
                      value="11:40 PM"
                    />
                    <div
                      class="MuiInputAdornment-root MuiInputAdornment-positionEnd"
                    >
                      <button
                        class="MuiButtonBase-root MuiIconButton-root"
                        tabindex="0"
                        type="button"
                      >
                        <span
                          class="MuiIconButton-label"
                        >
                          <svg
                            aria-hidden="true"
                            class="MuiSvgIcon-root"
                            focusable="false"
                            viewBox="0 0 24 24"
                          >
                            <path
                              d="M17 12h-5v5h5v-5zM16 1v2H8V1H6v2H5c-1.11 0-1.99.9-1.99 2L3 19c0 1.1.89 2 2 2h14c1.1 0 2-.9 2-2V5c0-1.1-.9-2-2-2h-1V1h-2zm3 18H5V8h14v11z"
                            />
                            <path
                              d="M0 0h24v24H0z"
                              fill="none"
                            />
                          </svg>
                        </span>
                        <span
                          class="MuiTouchRipple-root"
                        />
                      </button>
                    </div>
                    <fieldset
                      aria-hidden="true"
                      class="PrivateNotchedOutline-root-1 MuiOutlinedInput-notchedOutline"
                    >
                      <legend
                        class="PrivateNotchedOutline-legendLabelled-3 PrivateNotchedOutline-legendNotched-4"
                      >
                        <span>
                          Hora
                        </span>
                      </legend>
                    </fieldset>
                  </div>
                  
                </div>
              </div>
            </div>
          </div>
          <div
            class="MuiDialogActions-root MuiDialogActions-spacing"
          >
            <button
              class="MuiButtonBase-root MuiButton-root MuiButton-text"
              data-testid="dialog-create-cancel"
              tabindex="0"
              type="button"
            >
              <span
                class="MuiButton-label"
              >
                Cancelar
              </span>
              <span
                class="MuiTouchRipple-root"
              />
            </button>
            <button
              class="MuiButtonBase-root MuiButton-root MuiButton-contained MuiButton-containedPrimary Mui-disabled Mui-disabled"
              data-testid="dialog-create-submit"
              disabled=""
              tabindex="-1"
              type="submit"
            >
              <span
                class="MuiButton-label"
              >
                Solicitar
              </span>
            </button>
          </div>
        </div>
      </div>
      <div
        data-test="sentinelEnd"
        tabindex="0"
      />
    </div>
  </form>
</div>
`;
